// Jest Snapshot v1, https://goo.gl/fbAQLP

exports[`<HomePage /> should render and match the snapshot 1`] = `
<article>
  <div
    style="text-align: center;"
  >
    <h2>
      <span>
        React Boilerplate - Now in Typescript with Apollo-Client!
      </span>
    </h2>
    <p>
      <span>
        A highly scalable, offline-first foundation with the best DX and a focus on performance and best practices
      </span>
    </p>
  </div>
</article>
`;
